// Jest Snapshot v1, https://goo.gl/fbAQLP

exports[`<Choice type="lizard" /> should render a choice of lizard: 
      <body>
        <div>
          <div
            class="bg-white text-4xl border border-gray-100 rounded-xl p-8 shadow-lg hover:shadow-xl duration-300 undefined"
          >
            ðŸ¦Ž
          </div>
        </div>
      </body>
     1`] = `
<div
  class="bg-white text-4xl border border-gray-100 rounded-xl p-8 shadow-lg hover:shadow-xl duration-300 undefined"
>
  ðŸ¦Ž
</div>
`;
